// Jest Snapshot v1, https://goo.gl/fbAQLP

exports[`<AddCenter /> Component should have three div element match snap 1`] = `
Array [
  <div>
    <div
      className="container"
      style={
        Object {
          "paddingTop": "100px",
        }
      }
    >
      <div
        className="card card w-50 loginCard "
      >
        <div
          className="card-header dark"
        >
          <h1
            className="color"
          >
            Add Center
          </h1>
        </div>
        <centerFrom
          about=""
          address=""
          availability=""
          city=""
          disabled=""
          facility={Array []}
          formValid={false}
          handleImageChange={[Function]}
          imagePreview={null}
          name=""
          onChange={[Function]}
          onClick={[Function]}
          onKeyPress={[Function]}
          onSubmit={[Function]}
          progress="0%"
          removeFacility={[Function]}
          values=""
        />
      </div>
    </div>
  </div>,
]
`;

exports[`<AddCenter /> Component should match component snapshot 1`] = `
<div>
  <div
    className="container"
    style={
      Object {
        "paddingTop": "100px",
      }
    }
  >
    <div
      className="card card w-50 loginCard "
    >
      <div
        className="card-header dark"
      >
        <h1
          className="color"
        >
          Add Center
        </h1>
      </div>
      <div
        className="card-body"
      >
        <form
          onKeyPress={[Function]}
          onSubmit={[Function]}
        >
          <div
            className="form-row"
          >
            <div
              className="form-group col-md-12"
            >
              <h5>
                <label
                  htmlFor="inputEmail4"
                >
                  Center Name
                </label>
              </h5>
              <input
                className="form-control form-control-lg"
                name="name"
                onChange={[Function]}
                required={true}
                type="text"
                value=""
              />
            </div>
            <div
              className="form-group col-md-6"
            >
              <h5>
                <label
                  htmlFor="inputPassword4"
                >
                  City
                </label>
              </h5>
              <input
                className="form-control form-control-lg"
                name="city"
                onChange={[Function]}
                required={true}
                type="text"
                value=""
              />
            </div>
            <div
              className="form-group col-md-6"
            >
              <h5>
                <label
                  htmlFor="inputPassword4"
                >
                  Availability
                </label>
              </h5>
              <input
                className="form-control form-control-lg"
                name="availability"
                onChange={[Function]}
                required={true}
                type="text"
                value=""
              />
            </div>
            <div
              className="form-group col-md-12"
            >
              <h5>
                <label
                  htmlFor="inputPassword4"
                >
                  Address
                </label>
              </h5>
              <input
                className="form-control form-control-lg"
                name="address"
                onChange={[Function]}
                required={true}
                type="text"
                value=""
              />
            </div>
            <div
              className="form-group col-md-12"
            >
              <h5>
                <label
                  htmlFor="inputPassword4"
                >
                  About
                </label>
              </h5>
              <textarea
                className="form-control form-control-lg"
                id="exampleFormControlTextarea1"
                name="about"
                onChange={[Function]}
                required={true}
                rows="5"
                type="text"
                value=""
              />
            </div>
            <div
              className="form-group col-md-12"
            >
              <h5>
                <label
                  htmlFor="inputPassword4"
                >
                  Add Image
                </label>
              </h5>
              <input
                accept="image/gif, image/png, image/jpeg"
                className="btn btn-light"
                name="image"
                onChange={[Function]}
                type="file"
              />
            </div>
            <div
              className="imgPreview"
            />
          </div>
          <h5>
            Add Facilities
          </h5>
          <input
            className="form-control col-md-6 form-control-lg"
            name="values"
            onChange={[Function]}
            style={
              Object {
                "float": "left",
              }
            }
            type="text"
            value=""
          />
          <input
            className="btn btn-info btn-lg"
            disabled={true}
            id="add"
            onClick={[Function]}
            style={
              Object {
                "marginLeft": "20px",
              }
            }
            type="button"
            value="add"
          />
          <br />
          <br />
          <ul
            className="list-group col-md-6"
          />
          <br />
          <button
            className="btn btn-primary btn-lg"
            disabled={false}
            type="submit"
          >
            Submit
          </button>
          <br />
          <br />
          <div
            className="progress"
          >
            <div
              aria-valuemax="100"
              aria-valuemin="0"
              aria-valuenow="0%"
              className="progress-bar progress-bar-striped"
              role="progressbar"
              style={
                Object {
                  "width": "0%",
                }
              }
            >
              0%
            </div>
          </div>
        </form>
      </div>
    </div>
  </div>
</div>
`;

exports[`<AddCenter /> Component should render initial layout of <AddCenter /> 1`] = `
Array [
  <div>
    <div
      className="container"
      style={
        Object {
          "paddingTop": "100px",
        }
      }
    >
      <div
        className="card card w-50 loginCard "
      >
        <div
          className="card-header dark"
        >
          <h1
            className="color"
          >
            Add Center
          </h1>
        </div>
        <centerFrom
          about=""
          address=""
          availability=""
          city=""
          disabled=""
          facility={Array []}
          formValid={false}
          handleImageChange={[Function]}
          imagePreview={null}
          name=""
          onChange={[Function]}
          onClick={[Function]}
          onKeyPress={[Function]}
          onSubmit={[Function]}
          progress="0%"
          removeFacility={[Function]}
          values=""
        />
      </div>
    </div>
  </div>,
]
`;
