// Jest Snapshot v1, https://goo.gl/fbAQLP

exports[`<CenterForm /> should render initial layout of CenterForm 1`] = `
Array [
  <div
    className="card-body"
  >
    <form
      onKeyPress={undefined}
      onSubmit={[Function]}
    >
      <div
        className="form-row"
      >
        <div
          className="form-group col-md-12"
        >
          <h5>
            <label
              htmlFor="inputEmail4"
            >
              Center Name
            </label>
          </h5>
          <input
            className="form-control form-control-lg"
            id="centerName"
            name="name"
            onChange={[Function]}
            required={true}
            type="text"
            value="tomato"
          />
        </div>
        <div
          className="form-group col-md-6"
        >
          <h5>
            <label
              htmlFor="inputPassword4"
            >
              City
            </label>
          </h5>
          <input
            className="form-control form-control-lg"
            name="city"
            onChange={[Function]}
            required={true}
            type="text"
            value="lagos"
          />
        </div>
        <div
          className="form-group col-md-6"
        >
          <h5>
            <label
              htmlFor="inputPassword4"
            >
              Availability
            </label>
          </h5>
          <input
            className="form-control form-control-lg"
            name="availability"
            onChange={[Function]}
            required={true}
            type="text"
            value="yes"
          />
        </div>
        <div
          className="form-group col-md-12"
        >
          <h5>
            <label
              htmlFor="inputPassword4"
            >
              Address
            </label>
          </h5>
          <input
            className="form-control form-control-lg"
            name="address"
            onChange={[Function]}
            required={true}
            type="text"
            value="no 22 yaba road"
          />
        </div>
        <div
          className="form-group col-md-12"
        >
          <h5>
            <label
              htmlFor="inputPassword4"
            >
              About
            </label>
          </h5>
          <textarea
            className="form-control form-control-lg"
            id="exampleFormControlTextarea1"
            name="about"
            onChange={[Function]}
            required={true}
            rows="5"
            type="text"
            value="olo"
          />
        </div>
        <div
          className="form-group col-md-12"
        >
          <h5>
            <label
              htmlFor="inputPassword4"
            >
              Add Image
            </label>
          </h5>
          <input
            accept="image/gif, image/png, image/jpeg"
            className="btn btn-light"
            id="file"
            name="image"
            onChange={[Function]}
            type="file"
          />
        </div>
        <div
          className="imgPreview"
        >
          Object {}
        </div>
      </div>
      <h5>
        Add Facilities
      </h5>
      <input
        className="form-control col-md-6 form-control-lg"
        name="values"
        onChange={[Function]}
        style={
          Object {
            "float": "left",
          }
        }
        type="text"
        value="lolol"
      />
      <input
        className="btn btn-info btn-lg"
        disabled={false}
        id="add"
        onClick={[Function]}
        style={
          Object {
            "marginLeft": "20px",
          }
        }
        type="button"
        value="add"
      />
      <br />
      <br />
      <ul
        className="list-group col-md-6"
      >
        <li
          className="list-group-item d-flex justify-content-between align-items-center"
        >
          car
          <span
            className="badge badge-danger badge-pill point"
            id="remove"
            onClick={[Function]}
          >
            X
          </span>
        </li>
        <li
          className="list-group-item d-flex justify-content-between align-items-center"
        >
          table
          <span
            className="badge badge-danger badge-pill point"
            id="remove"
            onClick={[Function]}
          >
            X
          </span>
        </li>
        <li
          className="list-group-item d-flex justify-content-between align-items-center"
        >
          fan
          <span
            className="badge badge-danger badge-pill point"
            id="remove"
            onClick={[Function]}
          >
            X
          </span>
        </li>
      </ul>
      <br />
      <div
        className="progress"
      >
        <div
          aria-valuemax="100"
          aria-valuemin="0"
          aria-valuenow="100"
          className="progress-bar progress-bar-striped"
          role="progressbar"
          style={
            Object {
              "width": "100",
            }
          }
        >
          100
        </div>
      </div>
      <br />
      <button
        className="btn btn-primary btn-lg"
        disabled={undefined}
        id="centerSubmit"
        type="submit"
      >
        Submit
      </button>
      <br />
    </form>
  </div>,
]
`;
