// Jest Snapshot v1, https://goo.gl/fbAQLP

exports[`<EditCenter /> Component should have three div element match snap 1`] = `
Array [
  <div
    className="container"
    style={
      Object {
        "paddingTop": "100px",
      }
    }
  >
    <div
      className="card card w-50 loginCard "
    >
      <div
        className="card-header dark"
      >
        <h1
          className="color"
        >
          Edit Center
        </h1>
      </div>
      <centerFrom
        about="lalalla"
        address="No 33, yaba road lagos"
        availability="yes"
        city="Yaba"
        disabled=""
        facility={
          Array [
            "house",
            "horuse",
            "car",
          ]
        }
        formValid={false}
        handleImageChange={[Function]}
        imagePreview={
          <img
            alt="ImagePreview"
            className="imgPre"
            src="https://res.96295052-uueqqqc5ey6gzmjel0ft.jpg.jpg"
          />
        }
        name="farm center"
        onChange={[Function]}
        onClick={[Function]}
        onKeyPress={[Function]}
        onSubmit={[Function]}
        progress="0%"
        removeFacility={[Function]}
        values=""
      />
    </div>
  </div>,
]
`;

exports[`<EditCenter /> Component should match component snapshot 1`] = `
<div
  className="container"
  style={
    Object {
      "paddingTop": "100px",
    }
  }
>
  <div
    className="card card w-50 loginCard "
  >
    <div
      className="card-header dark"
    >
      <h1
        className="color"
      >
        Edit Center
      </h1>
    </div>
    <div
      className="card-body"
    >
      <form
        onKeyPress={[Function]}
        onSubmit={[Function]}
      >
        <div
          className="form-row"
        >
          <div
            className="form-group col-md-12"
          >
            <h5>
              <label
                htmlFor="inputEmail4"
              >
                Center Name
              </label>
            </h5>
            <input
              className="form-control form-control-lg"
              name="name"
              onChange={[Function]}
              required={true}
              type="text"
              value="farm center"
            />
          </div>
          <div
            className="form-group col-md-6"
          >
            <h5>
              <label
                htmlFor="inputPassword4"
              >
                City
              </label>
            </h5>
            <input
              className="form-control form-control-lg"
              name="city"
              onChange={[Function]}
              required={true}
              type="text"
              value="Yaba"
            />
          </div>
          <div
            className="form-group col-md-6"
          >
            <h5>
              <label
                htmlFor="inputPassword4"
              >
                Availability
              </label>
            </h5>
            <input
              className="form-control form-control-lg"
              name="availability"
              onChange={[Function]}
              required={true}
              type="text"
              value="yes"
            />
          </div>
          <div
            className="form-group col-md-12"
          >
            <h5>
              <label
                htmlFor="inputPassword4"
              >
                Address
              </label>
            </h5>
            <input
              className="form-control form-control-lg"
              name="address"
              onChange={[Function]}
              required={true}
              type="text"
              value="No 33, yaba road lagos"
            />
          </div>
          <div
            className="form-group col-md-12"
          >
            <h5>
              <label
                htmlFor="inputPassword4"
              >
                About
              </label>
            </h5>
            <textarea
              className="form-control form-control-lg"
              id="exampleFormControlTextarea1"
              name="about"
              onChange={[Function]}
              required={true}
              rows="5"
              type="text"
              value="lalalla"
            />
          </div>
          <div
            className="form-group col-md-12"
          >
            <h5>
              <label
                htmlFor="inputPassword4"
              >
                Add Image
              </label>
            </h5>
            <input
              accept="image/gif, image/png, image/jpeg"
              className="btn btn-light"
              name="image"
              onChange={[Function]}
              type="file"
            />
          </div>
          <div
            className="imgPreview"
          >
            <img
              alt="ImagePreview"
              className="imgPre"
              src="https://res.96295052-uueqqqc5ey6gzmjel0ft.jpg.jpg"
            />
          </div>
        </div>
        <h5>
          Add Facilities
        </h5>
        <input
          className="form-control col-md-6 form-control-lg"
          name="values"
          onChange={[Function]}
          style={
            Object {
              "float": "left",
            }
          }
          type="text"
          value=""
        />
        <input
          className="btn btn-info btn-lg"
          disabled={true}
          id="add"
          onClick={[Function]}
          style={
            Object {
              "marginLeft": "20px",
            }
          }
          type="button"
          value="add"
        />
        <br />
        <br />
        <ul
          className="list-group col-md-6"
        >
          <li
            className="list-group-item d-flex justify-content-between align-items-center"
          >
            house
            <span
              className="badge badge-danger badge-pill point"
              onClick={[Function]}
            >
              X
            </span>
          </li>
          <li
            className="list-group-item d-flex justify-content-between align-items-center"
          >
            horuse
            <span
              className="badge badge-danger badge-pill point"
              onClick={[Function]}
            >
              X
            </span>
          </li>
          <li
            className="list-group-item d-flex justify-content-between align-items-center"
          >
            car
            <span
              className="badge badge-danger badge-pill point"
              onClick={[Function]}
            >
              X
            </span>
          </li>
        </ul>
        <br />
        <button
          className="btn btn-primary btn-lg"
          disabled={false}
          type="submit"
        >
          Submit
        </button>
        <br />
        <br />
        <div
          className="progress"
        >
          <div
            aria-valuemax="100"
            aria-valuemin="0"
            aria-valuenow="0%"
            className="progress-bar progress-bar-striped"
            role="progressbar"
            style={
              Object {
                "width": "0%",
              }
            }
          >
            0%
          </div>
        </div>
      </form>
    </div>
  </div>
</div>
`;

exports[`<EditCenter /> Component should render initial layout of <EditCenter /> 1`] = `
Array [
  <div
    className="container"
    style={
      Object {
        "paddingTop": "100px",
      }
    }
  >
    <div
      className="card card w-50 loginCard "
    >
      <div
        className="card-header dark"
      >
        <h1
          className="color"
        >
          Edit Center
        </h1>
      </div>
      <centerFrom
        about="lalalla"
        address="No 33, yaba road lagos"
        availability="yes"
        city="Yaba"
        disabled=""
        facility={
          Array [
            "house",
            "horuse",
            "car",
          ]
        }
        formValid={false}
        handleImageChange={[Function]}
        imagePreview={
          <img
            alt="ImagePreview"
            className="imgPre"
            src="https://res.96295052-uueqqqc5ey6gzmjel0ft.jpg.jpg"
          />
        }
        name="farm center"
        onChange={[Function]}
        onClick={[Function]}
        onKeyPress={[Function]}
        onSubmit={[Function]}
        progress="0%"
        removeFacility={[Function]}
        values=""
      />
    </div>
  </div>,
]
`;
