// Jest Snapshot v1, https://goo.gl/fbAQLP

exports[`<Footer /> should render initial layout of footer 1`] = `
Array [
  <div
    className="center"
  >
    <footer>
      <div>
        <h3
          className="center"
        >
          Event Manager
        </h3>
      </div>
      <div
        style={
          Object {
            "display": "inline-block",
            "textAlign": "left",
          }
        }
      >
        <div>
          <div
            className="float-left"
          >
            <a
              className="navbar-brand"
              href="/"
            >
              <img
                alt=""
                height="30"
                src="https://res.cloudinary.com/skybound/image/upload/v1522444986/eventmanager/static/event.png"
                width="30"
              />
            </a>
          </div>
          <div
            className="float-left"
          >
            <ul>
              <p
                className="footerTitle"
              >
                Social Media
              </p>
              <li
                className="footerColor"
              >
                facebook
              </li>
              <li
                className="footerColor"
              >
                twitter
              </li>
              <li
                className="footerColor"
              >
                instargram
              </li>
            </ul>
          </div>
          <div
            className="float-left"
          >
            <ul>
              <p
                className="footerTitle"
              >
                Event manager
              </p>
              <li
                className="footerColor"
              >
                Questions
              </li>
              <li
                className="footerColor"
              >
                Jobs
              </li>
              <li
                className="footerColor"
              >
                Help
              </li>
            </ul>
          </div>
          <div
            className="float-left"
          >
            <ul>
              <p
                className="footerTitle"
              >
                About
              </p>
              <li
                className="footerColor"
              >
                desgin by Taiwo Sunday
              </li>
              <li
                className="footerColor"
              >
                +2348038512455
              </li>
              <li
                className="footerColor"
              >
                https://github.com/Spectrumsun
              </li>
              <li
                className="footerColor"
              >
                taiwo.sunday@outlook.com
              </li>
            </ul>
          </div>
          <div
            className="float-left"
          >
            <ul>
              <p
                className="footerTitle"
              >
                Site
              </p>
              <li
                className="footerColor"
              >
                Home
              </li>
              <li
                className="footerColor"
              >
                Centers
              </li>
              <li
                className="footerColor"
              >
                Events
              </li>
            </ul>
          </div>
        </div>
      </div>
      <p
        className="center"
      >
        Event Managment © 2017
      </p>
    </footer>
  </div>,
]
`;

exports[`<Footer /> should render initial layout of footer 2`] = `
Array [
  <div
    className="center"
  >
    <footer>
      <div>
        <h3
          className="center"
        >
          Event Manager
        </h3>
      </div>
      <div
        style={
          Object {
            "display": "inline-block",
            "textAlign": "left",
          }
        }
      >
        <div>
          <div
            className="float-left"
          >
            <a
              className="navbar-brand"
              href="/"
            >
              <img
                alt=""
                height="30"
                src="https://res.cloudinary.com/skybound/image/upload/v1522444986/eventmanager/static/event.png"
                width="30"
              />
            </a>
          </div>
          <div
            className="float-left"
          >
            <ul>
              <p
                className="footerTitle"
              >
                Social Media
              </p>
              <li
                className="footerColor"
              >
                facebook
              </li>
              <li
                className="footerColor"
              >
                twitter
              </li>
              <li
                className="footerColor"
              >
                instargram
              </li>
            </ul>
          </div>
          <div
            className="float-left"
          >
            <ul>
              <p
                className="footerTitle"
              >
                Event manager
              </p>
              <li
                className="footerColor"
              >
                Questions
              </li>
              <li
                className="footerColor"
              >
                Jobs
              </li>
              <li
                className="footerColor"
              >
                Help
              </li>
            </ul>
          </div>
          <div
            className="float-left"
          >
            <ul>
              <p
                className="footerTitle"
              >
                About
              </p>
              <li
                className="footerColor"
              >
                desgin by Taiwo Sunday
              </li>
              <li
                className="footerColor"
              >
                +2348038512455
              </li>
              <li
                className="footerColor"
              >
                https://github.com/Spectrumsun
              </li>
              <li
                className="footerColor"
              >
                taiwo.sunday@outlook.com
              </li>
            </ul>
          </div>
          <div
            className="float-left"
          >
            <ul>
              <p
                className="footerTitle"
              >
                Site
              </p>
              <li
                className="footerColor"
              >
                Home
              </li>
              <li
                className="footerColor"
              >
                Centers
              </li>
              <li
                className="footerColor"
              >
                Events
              </li>
            </ul>
          </div>
        </div>
      </div>
      <p
        className="center"
      >
        Event Managment © 2017
      </p>
    </footer>
  </div>,
]
`;
